#ensure all requirements in requirements file are met
$ python3 intall -r requirement.txt
#ensure nginx installed
$ sudo apt install nginx
#install gunicorn
$ sudo apt install gunicorn 
#or
$ sudo apt-get install gunicorn

$ git clone https://github.com/aruna-hk/grocree
$ cd grocree
#edit /etc/nginx/sites-enabled add the line include/<path>/<to>/grocree/nginx.conf
#create service file
sudo cp grocree.service  /etc/systemd/system
#start gunicorn
sudo service start grocree
#enable to start on boot
sudo systemctl enable grocree
#reload nginx config
sudo service nginx reload;

######################
- edit config file both service file and gunicorn.conf to match your enviroment
- use access.log and error.log to debug
